# Managed by Chef. Local changes will be overwritten.
<%=node[:_vhost_test][:ssl][:private]%>