
server {
    listen 80 default_server backlog=10;

    server_name test.dev en.test.dev www.test.dev;

    root /var/www/test.dev;

    access_log <%= node[:nginx][:log_dir] %>/access.test.dev.log;
    error_log <%= node[:nginx][:log_dir] %>/error.test.dev.log;
}
