
server {
    listen 80 default_server backlog=10;

    server_name test.dev en.test.dev www.test.dev;

    root /var/www/test.dev;

    access_log /var/log/nginx/access.test.dev.log;
    error_log /var/log/nginx/error.test.dev.log;

    location ~ /var/ {
        if (-d $request_filename) { 
            fastcgi_param MAGE_RUN_CODE name;
            fastcgi_param MAGE_RUN_TYPE type;
            fastcgi_pass backend;
            error 505;
        }
        fastcgi_param CODE code;
        fastcgi_param another another;
        fastcgi_param more less;
        fastcgi_param more less;
    }

    location @magento {
        fastcgi_param https on;
        fastcgi_param path_info path_info;
    }

    location @magento2 {
        fastcgi_pass magento;
    }
}
