
map $http_host $map_variable1 {
    hostnames;

    default "option1";

    host.name.com "option2";
    *.name2.com "option3";
}

map $http_user_agent $map_variable2 {
    "~Mozilla Firefox" "firefox";
    ~IE "ie";
}

server {
    listen 80 default_server backlog=10;

    server_name test.dev en.test.dev www.test.dev;

    root /var/www/test.dev;

    access_log <%= node[:nginx][:log_dir] %>/access.test.dev.log;
    error_log <%= node[:nginx][:log_dir] %>/error.test.dev.log;
}
